/Users/joeyliao/LinkNote/app/resource/src/main/java/com/joeyliao/linknoteresource/tag/po/CreateNoteTagRequestPo.java
/Users/joeyliao/LinkNote/app/resource/src/main/java/com/joeyliao/linknoteresource/notebook/rowmapper/AllNotebooksRowMapper.java
/Users/joeyliao/LinkNote/app/resource/src/main/java/com/joeyliao/linknoteresource/collaborator/dto/CollaboratorsDTO.java
/Users/joeyliao/LinkNote/app/resource/src/main/java/com/joeyliao/linknoteresource/invitation/controller/InvitationController.java
/Users/joeyliao/LinkNote/app/resource/src/main/java/com/joeyliao/linknoteresource/collaborator/po/DeleteCollaboratorPo.java
/Users/joeyliao/LinkNote/app/resource/src/main/java/com/joeyliao/linknoteresource/invitation/po/InvitationResponsePo.java
/Users/joeyliao/LinkNote/app/resource/src/main/java/com/joeyliao/linknoteresource/generic/enums/Behavior.java
/Users/joeyliao/LinkNote/app/resource/src/main/java/com/joeyliao/linknoteresource/invitation/rowmapper/CheckInvitationRowMapper.java
/Users/joeyliao/LinkNote/app/resource/src/main/java/com/joeyliao/linknoteresource/collaborator/service/CollaboratorService.java
/Users/joeyliao/LinkNote/app/resource/src/main/java/com/joeyliao/linknoteresource/notebook/service/NotebookServiceImpl.java
/Users/joeyliao/LinkNote/app/resource/src/main/java/com/joeyliao/linknoteresource/notebook/po/GetNotebooksResponsePo.java
/Users/joeyliao/LinkNote/app/resource/src/main/java/com/joeyliao/linknoteresource/invitation/dao/InvitationDAOImpl.java
/Users/joeyliao/LinkNote/app/resource/src/main/java/com/joeyliao/linknoteresource/invitation/dto/InvitationDTO.java
/Users/joeyliao/LinkNote/app/resource/src/main/java/com/joeyliao/linknoteresource/notebook/po/CreateNotebookRequestPo.java
/Users/joeyliao/LinkNote/app/resource/src/main/java/com/joeyliao/linknoteresource/invitation/dto/ReceivedInvitationDTO.java
/Users/joeyliao/LinkNote/app/resource/src/main/java/com/joeyliao/linknoteresource/invitation/po/GetReceivedInvitationResponsePo.java
/Users/joeyliao/LinkNote/app/resource/src/main/java/com/joeyliao/linknoteresource/generic/exception/DatabaseOperationException.java
/Users/joeyliao/LinkNote/app/resource/src/main/java/com/joeyliao/linknoteresource/notebook/po/GetNotebooksRequestPo.java
/Users/joeyliao/LinkNote/app/resource/src/main/java/com/joeyliao/linknoteresource/tag/dao/TagDAOImpl.java
/Users/joeyliao/LinkNote/app/resource/src/main/java/com/joeyliao/linknoteresource/note/po/GetNotesResponsePo.java
/Users/joeyliao/LinkNote/app/resource/src/main/java/com/joeyliao/linknoteresource/invitation/po/GetSentInvitationResponsePo.java
/Users/joeyliao/LinkNote/app/resource/src/main/java/com/joeyliao/linknoteresource/generic/interceptor/InvitationInterceptor.java
/Users/joeyliao/LinkNote/app/resource/src/main/java/com/joeyliao/linknoteresource/note/dao/NoteDAOImpl.java
/Users/joeyliao/LinkNote/app/resource/src/main/java/com/joeyliao/linknoteresource/tag/service/TagServiceImpl.java
/Users/joeyliao/LinkNote/app/resource/src/main/java/com/joeyliao/linknoteresource/note/rowmapper/NotesRowMapper.java
/Users/joeyliao/LinkNote/app/resource/src/main/java/com/joeyliao/linknoteresource/generic/interceptor/NoteInterceptor.java
/Users/joeyliao/LinkNote/app/resource/src/main/java/com/joeyliao/linknoteresource/invitation/dto/SentInvitationDTO.java
/Users/joeyliao/LinkNote/app/resource/src/main/java/com/joeyliao/linknoteresource/notebook/rowmapper/NotebookNameRowMapper.java
/Users/joeyliao/LinkNote/app/resource/src/main/java/com/joeyliao/linknoteresource/tag/po/DeleteNotebookTagRequestPo.java
/Users/joeyliao/LinkNote/app/resource/src/main/java/com/joeyliao/linknoteresource/note/po/DeleteNotePo.java
/Users/joeyliao/LinkNote/app/resource/src/main/java/com/joeyliao/linknoteresource/tag/po/CreateNotebookTagsRequestPo.java
/Users/joeyliao/LinkNote/app/resource/src/main/java/com/joeyliao/linknoteresource/generic/uuidgenerator/service/UUIDGeneratorService.java
/Users/joeyliao/LinkNote/app/resource/src/main/java/com/joeyliao/linknoteresource/templates/templatesController.java
/Users/joeyliao/LinkNote/app/resource/src/main/java/com/joeyliao/linknoteresource/collaborator/po/CreateCollaboratorPo.java
/Users/joeyliao/LinkNote/app/resource/src/main/java/com/joeyliao/linknoteresource/invitation/po/DeleteInvitationPo.java
/Users/joeyliao/LinkNote/app/resource/src/main/java/com/joeyliao/linknoteresource/note/po/GetNoteResponsePo.java
/Users/joeyliao/LinkNote/app/resource/src/main/java/com/joeyliao/linknoteresource/collaborator/rowmapper/CollaboratorRowMapper.java
/Users/joeyliao/LinkNote/app/resource/src/main/java/com/joeyliao/linknoteresource/invitation/dao/InvitationDAO.java
/Users/joeyliao/LinkNote/app/resource/src/main/java/com/joeyliao/linknoteresource/note/service/NoteService.java
/Users/joeyliao/LinkNote/app/resource/src/main/java/com/joeyliao/linknoteresource/generic/exception/GenericExceptionHandler.java
/Users/joeyliao/LinkNote/app/resource/src/main/java/com/joeyliao/linknoteresource/tag/service/TagService.java
/Users/joeyliao/LinkNote/app/resource/src/main/java/com/joeyliao/linknoteresource/generic/requestobject/AuthRequestBody.java
/Users/joeyliao/LinkNote/app/resource/src/main/java/com/joeyliao/linknoteresource/notebook/dto/NotebooksDTO.java
/Users/joeyliao/LinkNote/app/resource/src/main/java/com/joeyliao/linknoteresource/collaborator/rowmapper/NotebookOwnerRowMapper.java
/Users/joeyliao/LinkNote/app/resource/src/main/java/com/joeyliao/linknoteresource/generic/interceptor/DefaultInterceptor.java
/Users/joeyliao/LinkNote/app/resource/src/main/java/com/joeyliao/linknoteresource/generic/uuidgenerator/dao/UUIDGeneratorDAOImpl.java
/Users/joeyliao/LinkNote/app/resource/src/main/java/com/joeyliao/linknoteresource/generic/uuidgenerator/dao/UUDIGeneratorDAO.java
/Users/joeyliao/LinkNote/app/resource/src/main/java/com/joeyliao/linknoteresource/collaborator/po/GetCollaboratorsResponsePo.java
/Users/joeyliao/LinkNote/app/resource/src/main/java/com/joeyliao/linknoteresource/generic/uuidgenerator/service/UUIDGeneratorServiceImpl.java
/Users/joeyliao/LinkNote/app/resource/src/main/java/com/joeyliao/linknoteresource/generic/po/PaginationPo.java
/Users/joeyliao/LinkNote/app/resource/src/main/java/com/joeyliao/linknoteresource/note/po/CreateNotePo.java
/Users/joeyliao/LinkNote/app/resource/src/main/java/com/joeyliao/linknoteresource/invitation/exception/InvitationExceptionHandler.java
/Users/joeyliao/LinkNote/app/resource/src/main/java/com/joeyliao/linknoteresource/note/po/GetNoteRequestPo.java
/Users/joeyliao/LinkNote/app/resource/src/main/java/com/joeyliao/linknoteresource/generic/enums/Target.java
/Users/joeyliao/LinkNote/app/resource/src/main/java/com/joeyliao/linknoteresource/notebook/dao/NotebookDAO.java
/Users/joeyliao/LinkNote/app/resource/src/main/java/com/joeyliao/linknoteresource/tag/po/updateNoteTagRequestPo.java
/Users/joeyliao/LinkNote/app/resource/src/main/java/com/joeyliao/linknoteresource/note/po/updateNotePo.java
/Users/joeyliao/LinkNote/app/resource/src/main/java/com/joeyliao/linknoteresource/generic/interceptor/CollaboratorInterceptor.java
/Users/joeyliao/LinkNote/app/resource/src/main/java/com/joeyliao/linknoteresource/generic/interceptor/NotebookInterceptor.java
/Users/joeyliao/LinkNote/app/resource/src/main/java/com/joeyliao/linknoteresource/invitation/service/InvitationService.java
/Users/joeyliao/LinkNote/app/resource/src/main/java/com/joeyliao/linknoteresource/tag/po/TagPo.java
/Users/joeyliao/LinkNote/app/resource/src/main/java/com/joeyliao/linknoteresource/invitation/service/InvitationServiceImpl.java
/Users/joeyliao/LinkNote/app/resource/src/main/java/com/joeyliao/linknoteresource/LinknoteResourceApplication.java
/Users/joeyliao/LinkNote/app/resource/src/main/java/com/joeyliao/linknoteresource/generic/config/AppConfig.java
/Users/joeyliao/LinkNote/app/resource/src/main/java/com/joeyliao/linknoteresource/invitation/po/GetInvitationRequestPo.java
/Users/joeyliao/LinkNote/app/resource/src/main/java/com/joeyliao/linknoteresource/note/po/GetNotesRequestPo.java
/Users/joeyliao/LinkNote/app/resource/src/main/java/com/joeyliao/linknoteresource/invitation/rowmapper/ReceivedInvitationRowMapper.java
/Users/joeyliao/LinkNote/app/resource/src/main/java/com/joeyliao/linknoteresource/generic/interceptor/TagInterceptor.java
/Users/joeyliao/LinkNote/app/resource/src/main/java/com/joeyliao/linknoteresource/generic/po/UserInfo.java
/Users/joeyliao/LinkNote/app/resource/src/main/java/com/joeyliao/linknoteresource/generic/interceptor/AuthorizationHandler.java
/Users/joeyliao/LinkNote/app/resource/src/main/java/com/joeyliao/linknoteresource/invitation/po/UpdateInvitationPo.java
/Users/joeyliao/LinkNote/app/resource/src/main/java/com/joeyliao/linknoteresource/generic/enums/Role.java
/Users/joeyliao/LinkNote/app/resource/src/main/java/com/joeyliao/linknoteresource/tag/po/GetTagResponsePo.java
/Users/joeyliao/LinkNote/app/resource/src/main/java/com/joeyliao/linknoteresource/notebook/service/NotebookService.java
/Users/joeyliao/LinkNote/app/resource/src/main/java/com/joeyliao/linknoteresource/collaborator/controller/CollaboratorController.java
/Users/joeyliao/LinkNote/app/resource/src/main/java/com/joeyliao/linknoteresource/invitation/rowmapper/SentInvitationRowMapper.java
/Users/joeyliao/LinkNote/app/resource/src/main/java/com/joeyliao/linknoteresource/generic/uuidgenerator/rowmapper/UUIDRowMapper.java
/Users/joeyliao/LinkNote/app/resource/src/main/java/com/joeyliao/linknoteresource/invitation/po/CreateInvitationPo.java
/Users/joeyliao/LinkNote/app/resource/src/main/java/com/joeyliao/linknoteresource/tag/po/CreateNotebookTagRequestPo.java
/Users/joeyliao/LinkNote/app/resource/src/main/java/com/joeyliao/linknoteresource/tag/controller/TagController.java
/Users/joeyliao/LinkNote/app/resource/src/main/java/com/joeyliao/linknoteresource/tag/po/GetNoteTagsRequestPo.java
/Users/joeyliao/LinkNote/app/resource/src/main/java/com/joeyliao/linknoteresource/collaborator/dao/CollaboratorDAOImpl.java
/Users/joeyliao/LinkNote/app/resource/src/main/java/com/joeyliao/linknoteresource/tag/dto/TagDTO.java
/Users/joeyliao/LinkNote/app/resource/src/main/java/com/joeyliao/linknoteresource/note/controller/NoteController.java
/Users/joeyliao/LinkNote/app/resource/src/main/java/com/joeyliao/linknoteresource/note/dao/NoteDAO.java
/Users/joeyliao/LinkNote/app/resource/src/main/java/com/joeyliao/linknoteresource/notebook/dao/NotebookDAOImpl.java
/Users/joeyliao/LinkNote/app/resource/src/main/java/com/joeyliao/linknoteresource/collaborator/service/CollaboratorServiceImpl.java
/Users/joeyliao/LinkNote/app/resource/src/main/java/com/joeyliao/linknoteresource/notebook/controller/NotebookController.java
/Users/joeyliao/LinkNote/app/resource/src/main/java/com/joeyliao/linknoteresource/tag/TagsRowMapper.java
/Users/joeyliao/LinkNote/app/resource/src/main/java/com/joeyliao/linknoteresource/notebook/po/UpdateNotebookPo.java
/Users/joeyliao/LinkNote/app/resource/src/main/java/com/joeyliao/linknoteresource/collaborator/po/GetCollaboratorsRequestPo.java
/Users/joeyliao/LinkNote/app/resource/src/main/java/com/joeyliao/linknoteresource/tag/po/DeleteNoteTagRequestPo.java
/Users/joeyliao/LinkNote/app/resource/src/main/java/com/joeyliao/linknoteresource/collaborator/dao/CollaboratorDAO.java
/Users/joeyliao/LinkNote/app/resource/src/main/java/com/joeyliao/linknoteresource/note/dto/NoteDTO.java
/Users/joeyliao/LinkNote/app/resource/src/main/java/com/joeyliao/linknoteresource/tag/dao/TagDAO.java
/Users/joeyliao/LinkNote/app/resource/src/main/java/com/joeyliao/linknoteresource/invitation/exception/InvitationAlreadyExistException.java
/Users/joeyliao/LinkNote/app/resource/src/main/java/com/joeyliao/linknoteresource/note/service/NoteServiceImpl.java
/Users/joeyliao/LinkNote/app/resource/src/main/java/com/joeyliao/linknoteresource/collaborator/po/NotebookOwnerDTO.java
